[   76009ms] [ERROR] Failed to load resource: the server responded with a status of 403 () @ https://ghm.078465.xyz/https://github.com/aifuqiang02/ai-ssh-assistant/releases/download/v1.8.23/AI-SSH-Assistant-1.8.23-setup-x64.exe:0
[   86029ms] [WARNING] Failed to execute 'postMessage' on 'DOMWindow': The target origin provided ('https://challenges.cloudflare.com') does not match the recipient window's origin ('https://ghm.078465.xyz'). @ https://challenges.cloudflare.com/turnstile/v0/g/b0da9f4911ba/api.js?onload=DglVu6&render=explicit:0
[   86928ms] [WARNING] Failed to execute 'postMessage' on 'DOMWindow': The target origin provided ('https://challenges.cloudflare.com') does not match the recipient window's origin ('https://ghm.078465.xyz'). @ https://challenges.cloudflare.com/turnstile/v0/g/b0da9f4911ba/api.js?onload=DglVu6&render=explicit:0
[  118569ms] [ERROR] Failed to load resource: the server responded with a status of 403 () @ https://gh.catmak.name/https://github.com/aifuqiang02/ai-ssh-assistant/releases/download/v1.8.23/AI-SSH-Assistant-1.8.23-setup-x64.exe:0
[  123140ms] [ERROR] Failed to load resource: the server responded with a status of 403 () @ https://gh.catmak.name/favicon.ico:0
[  124899ms] [ERROR] Failed to load resource: the server responded with a status of 403 () @ https://gh.catmak.name/favicon.ico:0
[  125551ms] [WARNING] Failed to execute 'postMessage' on 'DOMWindow': The target origin provided ('https://challenges.cloudflare.com') does not match the recipient window's origin ('https://gh.catmak.name'). @ https://challenges.cloudflare.com/turnstile/v0/g/b0da9f4911ba/api.js?onload=DglVu6&render=explicit:0
[  126449ms] [WARNING] Failed to execute 'postMessage' on 'DOMWindow': The target origin provided ('https://challenges.cloudflare.com') does not match the recipient window's origin ('https://gh.catmak.name'). @ https://challenges.cloudflare.com/turnstile/v0/g/b0da9f4911ba/api.js?onload=DglVu6&render=explicit:0
[  127361ms] [WARNING] Failed to execute 'postMessage' on 'DOMWindow': The target origin provided ('https://challenges.cloudflare.com') does not match the recipient window's origin ('https://gh.catmak.name'). @ https://challenges.cloudflare.com/turnstile/v0/g/b0da9f4911ba/api.js?onload=DglVu6&render=explicit:0
[  128249ms] [WARNING] Failed to execute 'postMessage' on 'DOMWindow': The target origin provided ('https://challenges.cloudflare.com') does not match the recipient window's origin ('https://gh.catmak.name'). @ https://challenges.cloudflare.com/turnstile/v0/g/b0da9f4911ba/api.js?onload=DglVu6&render=explicit:0
[  179547ms] [WARNING] [Cloudflare Turnstile] Cannot find Widget cf-chl-widget-ojrhp, consider using turnstile.remove() to clean up a widget. @ https://challenges.cloudflare.com/turnstile/v0/g/b0da9f4911ba/api.js?onload=DglVu6&render=explicit:0
[  189936ms] [ERROR] Failed to load resource: the server responded with a status of 456 () @ https://github.ikgy.top/https://github.com/aifuqiang02/ai-ssh-assistant/releases/download/v1.8.23/AI-SSH-Assistant-1.8.23-setup-x64.exe:0
[  190437ms] [ERROR] Failed to load resource: the server responded with a status of 456 () @ https://github.ikgy.top/_guard/html.js?js=p456:0
[  191161ms] [ERROR] Failed to load resource: the server responded with a status of 456 () @ https://github.ikgy.top/favicon.ico:0
[  216945ms] [ERROR] Failed to load resource: the server responded with a status of 404 () @ https://github.com/https:/github.com/aifuqiang02/ai-ssh-assistant/releases/download/v1.8.23/AI-SSH-Assistant-1.8.23-setup-x64.exe:0
[  305296ms] [ERROR] Failed to load resource: net::ERR_CONNECTION_RESET @ https://apikey.map.qq.com/mkey/index.php/mkey/check?key=OB4BZ-D4W3U-B7VVO-4PJWW-6TKDJ-WPB77&pid=gh.tryxd.cn&channel=0&output=jsonp&pf=jsapi&ref=jsapi&cb=TMap._svcb.cbms0kh2rw0:0
[  305310ms] [ERROR] 鉴权失败：网络请求失败。 @ https://map.qq.com/api/gljs?v=2.exp&key=OB4BZ-D4W3U-B7VVO-4PJWW-6TKDJ-WPB77:68
[  306319ms] [ERROR] Failed to load resource: net::ERR_CONNECTION_RESET @ https://apikey.map.qq.com/mkey/index.php/mkey/check?key=OB4BZ-D4W3U-B7VVO-4PJWW-6TKDJ-WPB77&pid=gh.tryxd.cn&channel=0&output=jsonp&pf=jsapi&ref=jsapi&cb=TMap._svcb.cbms0kh3nd3:0
[  306319ms] [ERROR] 鉴权失败：网络请求失败。 @ https://map.qq.com/api/gljs?v=2.exp&key=OB4BZ-D4W3U-B7VVO-4PJWW-6TKDJ-WPB77:68
[  311324ms] [ERROR] Failed to load resource: net::ERR_CONNECTION_RESET @ https://apikey.map.qq.com/mkey/index.php/mkey/check?key=OB4BZ-D4W3U-B7VVO-4PJWW-6TKDJ-WPB77&pid=gh.tryxd.cn&channel=0&output=jsonp&pf=jsapi&ref=jsapi&cb=TMap._svcb.cbms0kh7if4:0
[  311324ms] [ERROR] 鉴权失败：网络请求失败。 @ https://map.qq.com/api/gljs?v=2.exp&key=OB4BZ-D4W3U-B7VVO-4PJWW-6TKDJ-WPB77:68
[  321334ms] [ERROR] Failed to load resource: net::ERR_CONNECTION_RESET @ https://apikey.map.qq.com/mkey/index.php/mkey/check?key=OB4BZ-D4W3U-B7VVO-4PJWW-6TKDJ-WPB77&pid=gh.tryxd.cn&channel=0&output=jsonp&pf=jsapi&ref=jsapi&cb=TMap._svcb.cbms0khf8g5:0
[  321334ms] [ERROR] 鉴权失败：网络请求失败。 @ https://map.qq.com/api/gljs?v=2.exp&key=OB4BZ-D4W3U-B7VVO-4PJWW-6TKDJ-WPB77:68
[  328335ms] [ERROR] Failed to load resource: the server responded with a status of 429 () @ https://gh.ddlc.top/https://github.com/aifuqiang02/ai-ssh-assistant/releases/download/v1.8.23/AI-SSH-Assistant-1.8.23-setup-x64.exe:0
[  339951ms] [ERROR] Failed to load resource: the server responded with a status of 429 () @ https://gh.ddlc.top/favicon.ico:0
[  451031ms] [ERROR] Failed to load resource: the server responded with a status of 429 () @ https://gh.idayer.com/https://github.com/aifuqiang02/ai-ssh-assistant/releases/download/v1.8.23/AI-SSH-Assistant-1.8.23-setup-x64.exe:0
[  451649ms] [ERROR] Failed to load resource: the server responded with a status of 429 () @ https://gh.idayer.com/favicon.ico:0
