[  378548ms] [ERROR] Failed to load resource: net::ERR_CONNECTION_RESET @ https://github.starrlzy.cn/https://github.com/aifuqiang02/ai-ssh-assistant/releases/download/v1.8.23/AI-SSH-Assistant-1.8.23-setup-x64.exe:0
[  382724ms] [ERROR] Access to fetch at 'https://gh-proxy.net/https://github.com/aifuqiang02/ai-ssh-assistant/releases/download/v1.8.23/AI-SSH-Assistant-1.8.23-setup-x64.exe' from origin 'null' has been blocked by CORS policy: No 'Access-Control-Allow-Origin' header is present on the requested resource. @ about:blank:0
[  382724ms] [ERROR] Failed to load resource: net::ERR_FAILED @ https://gh-proxy.net/https://github.com/aifuqiang02/ai-ssh-assistant/releases/download/v1.8.23/AI-SSH-Assistant-1.8.23-setup-x64.exe:0
[  384078ms] [ERROR] Access to fetch at 'https://github.tbap.top/https://github.com/aifuqiang02/ai-ssh-assistant/releases/download/v1.8.23/AI-SSH-Assistant-1.8.23-setup-x64.exe' from origin 'null' has been blocked by CORS policy: No 'Access-Control-Allow-Origin' header is present on the requested resource. @ about:blank:0
[  384078ms] [ERROR] Failed to load resource: net::ERR_FAILED @ https://github.tbap.top/https://github.com/aifuqiang02/ai-ssh-assistant/releases/download/v1.8.23/AI-SSH-Assistant-1.8.23-setup-x64.exe:0
[  384513ms] [ERROR] Access to fetch at 'https://gh-proxy.com/https://github.com/aifuqiang02/ai-ssh-assistant/releases/download/v1.8.23/AI-SSH-Assistant-1.8.23-setup-x64.exe' from origin 'null' has been blocked by CORS policy: No 'Access-Control-Allow-Origin' header is present on the requested resource. @ about:blank:0
[  384513ms] [ERROR] Failed to load resource: net::ERR_FAILED @ https://gh-proxy.com/https://github.com/aifuqiang02/ai-ssh-assistant/releases/download/v1.8.23/AI-SSH-Assistant-1.8.23-setup-x64.exe:0
[  385148ms] [ERROR] Access to fetch at 'https://ghfile.geekertao.top/https://github.com/aifuqiang02/ai-ssh-assistant/releases/download/v1.8.23/AI-SSH-Assistant-1.8.23-setup-x64.exe' from origin 'null' has been blocked by CORS policy: No 'Access-Control-Allow-Origin' header is present on the requested resource. @ about:blank:0
[  385148ms] [ERROR] Failed to load resource: net::ERR_FAILED @ https://ghfile.geekertao.top/https://github.com/aifuqiang02/ai-ssh-assistant/releases/download/v1.8.23/AI-SSH-Assistant-1.8.23-setup-x64.exe:0
[  385389ms] [ERROR] Failed to load resource: net::ERR_CONNECTION_RESET @ https://j.1lin.dpdns.org/https://github.com/aifuqiang02/ai-ssh-assistant/releases/download/v1.8.23/AI-SSH-Assistant-1.8.23-setup-x64.exe:0
[  394398ms] [ERROR] Access to fetch at 'https://tvv.tw/https://github.com/aifuqiang02/ai-ssh-assistant/releases/download/v1.8.23/AI-SSH-Assistant-1.8.23-setup-x64.exe' from origin 'null' has been blocked by CORS policy: No 'Access-Control-Allow-Origin' header is present on the requested resource. @ about:blank:0
[  394398ms] [ERROR] Failed to load resource: net::ERR_FAILED @ https://tvv.tw/https://github.com/aifuqiang02/ai-ssh-assistant/releases/download/v1.8.23/AI-SSH-Assistant-1.8.23-setup-x64.exe:0
[  403024ms] [ERROR] Access to fetch at 'https://gh.b52m.cn/https://github.com/aifuqiang02/ai-ssh-assistant/releases/download/v1.8.23/AI-SSH-Assistant-1.8.23-setup-x64.exe' from origin 'null' has been blocked by CORS policy: No 'Access-Control-Allow-Origin' header is present on the requested resource. @ about:blank:0
[  403025ms] [ERROR] Failed to load resource: net::ERR_FAILED @ https://gh.b52m.cn/https://github.com/aifuqiang02/ai-ssh-assistant/releases/download/v1.8.23/AI-SSH-Assistant-1.8.23-setup-x64.exe:0
[  416827ms] [ERROR] Access to fetch at 'https://gh.ruan.dpdns.org/https://github.com/aifuqiang02/ai-ssh-assistant/releases/download/v1.8.23/AI-SSH-Assistant-1.8.23-setup-x64.exe' from origin 'null' has been blocked by CORS policy: No 'Access-Control-Allow-Origin' header is present on the requested resource. @ about:blank:0
[  416827ms] [ERROR] Failed to load resource: net::ERR_FAILED @ https://gh.ruan.dpdns.org/https://github.com/aifuqiang02/ai-ssh-assistant/releases/download/v1.8.23/AI-SSH-Assistant-1.8.23-setup-x64.exe:0
[  419255ms] [ERROR] Access to fetch at 'https://gh-proxy.cn/https://github.com/aifuqiang02/ai-ssh-assistant/releases/download/v1.8.23/AI-SSH-Assistant-1.8.23-setup-x64.exe' from origin 'null' has been blocked by CORS policy: No 'Access-Control-Allow-Origin' header is present on the requested resource. @ about:blank:0
[  419255ms] [ERROR] Failed to load resource: net::ERR_FAILED @ https://gh-proxy.cn/https://github.com/aifuqiang02/ai-ssh-assistant/releases/download/v1.8.23/AI-SSH-Assistant-1.8.23-setup-x64.exe:0
[  428089ms] [ERROR] Access to fetch at 'https://gh.tryxd.cn/https://github.com/aifuqiang02/ai-ssh-assistant/releases/download/v1.8.23/AI-SSH-Assistant-1.8.23-setup-x64.exe' from origin 'null' has been blocked by CORS policy: No 'Access-Control-Allow-Origin' header is present on the requested resource. @ about:blank:0
[  428089ms] [ERROR] Failed to load resource: net::ERR_FAILED @ https://gh.tryxd.cn/https://github.com/aifuqiang02/ai-ssh-assistant/releases/download/v1.8.23/AI-SSH-Assistant-1.8.23-setup-x64.exe:0
[  429264ms] [ERROR] Access to fetch at 'https://gh.sixyin.com/https://github.com/aifuqiang02/ai-ssh-assistant/releases/download/v1.8.23/AI-SSH-Assistant-1.8.23-setup-x64.exe' from origin 'null' has been blocked by CORS policy: No 'Access-Control-Allow-Origin' header is present on the requested resource. @ about:blank:0
[  429264ms] [ERROR] Failed to load resource: net::ERR_FAILED @ https://gh.sixyin.com/https://github.com/aifuqiang02/ai-ssh-assistant/releases/download/v1.8.23/AI-SSH-Assistant-1.8.23-setup-x64.exe:0
[  439016ms] [ERROR] Access to fetch at 'https://github.geekery.cn/https://github.com/aifuqiang02/ai-ssh-assistant/releases/download/v1.8.23/AI-SSH-Assistant-1.8.23-setup-x64.exe' from origin 'null' has been blocked by CORS policy: No 'Access-Control-Allow-Origin' header is present on the requested resource. @ about:blank:0
[  439017ms] [ERROR] Failed to load resource: net::ERR_FAILED @ https://github.geekery.cn/https://github.com/aifuqiang02/ai-ssh-assistant/releases/download/v1.8.23/AI-SSH-Assistant-1.8.23-setup-x64.exe:0
[  446444ms] [ERROR] Access to fetch at 'https://gp.zkitefly.eu.org/https://github.com/aifuqiang02/ai-ssh-assistant/releases/download/v1.8.23/AI-SSH-Assistant-1.8.23-setup-x64.exe' from origin 'null' has been blocked by CORS policy: No 'Access-Control-Allow-Origin' header is present on the requested resource. @ about:blank:0
[  446444ms] [ERROR] Failed to load resource: net::ERR_FAILED @ https://gp.zkitefly.eu.org/https://github.com/aifuqiang02/ai-ssh-assistant/releases/download/v1.8.23/AI-SSH-Assistant-1.8.23-setup-x64.exe:0
[  449428ms] [ERROR] Access to fetch at 'https://g.blfrp.cn/https://github.com/aifuqiang02/ai-ssh-assistant/releases/download/v1.8.23/AI-SSH-Assistant-1.8.23-setup-x64.exe' from origin 'null' has been blocked by CORS policy: No 'Access-Control-Allow-Origin' header is present on the requested resource. @ about:blank:0
[  449428ms] [ERROR] Failed to load resource: net::ERR_FAILED @ https://g.blfrp.cn/https://github.com/aifuqiang02/ai-ssh-assistant/releases/download/v1.8.23/AI-SSH-Assistant-1.8.23-setup-x64.exe:0
[  453629ms] [ERROR] Access to fetch at 'https://gh.idayer.com/https://github.com/aifuqiang02/ai-ssh-assistant/releases/download/v1.8.23/AI-SSH-Assistant-1.8.23-setup-x64.exe' from origin 'null' has been blocked by CORS policy: No 'Access-Control-Allow-Origin' header is present on the requested resource. @ about:blank:0
[  453629ms] [ERROR] Failed to load resource: net::ERR_FAILED @ https://gh.idayer.com/https://github.com/aifuqiang02/ai-ssh-assistant/releases/download/v1.8.23/AI-SSH-Assistant-1.8.23-setup-x64.exe:0
[  637365ms] [ERROR] Failed to load resource: net::ERR_CONNECTION_RESET @ https://j.1lin.dpdns.org/https://github.com/aifuqiang02/ai-ssh-assistant/releases/download/v1.8.23/AI-SSH-Assistant-1.8.23-setup-x64.exe:0
[  637365ms] [ERROR] Failed to load resource: net::ERR_CONNECTION_RESET @ https://j.1win.ggff.net/https://github.com/aifuqiang02/ai-ssh-assistant/releases/download/v1.8.23/AI-SSH-Assistant-1.8.23-setup-x64.exe:0
[  637520ms] [ERROR] Access to fetch at 'https://gh-proxy.cn/https://github.com/aifuqiang02/ai-ssh-assistant/releases/download/v1.8.23/AI-SSH-Assistant-1.8.23-setup-x64.exe' from origin 'null' has been blocked by CORS policy: No 'Access-Control-Allow-Origin' header is present on the requested resource. @ about:blank:0
[  637520ms] [ERROR] Failed to load resource: net::ERR_FAILED @ https://gh-proxy.cn/https://github.com/aifuqiang02/ai-ssh-assistant/releases/download/v1.8.23/AI-SSH-Assistant-1.8.23-setup-x64.exe:0
[  637565ms] [ERROR] Access to fetch at 'https://gh.idayer.com/https://github.com/aifuqiang02/ai-ssh-assistant/releases/download/v1.8.23/AI-SSH-Assistant-1.8.23-setup-x64.exe' from origin 'null' has been blocked by CORS policy: No 'Access-Control-Allow-Origin' header is present on the requested resource. @ about:blank:0
[  637565ms] [ERROR] Failed to load resource: net::ERR_FAILED @ https://gh.idayer.com/https://github.com/aifuqiang02/ai-ssh-assistant/releases/download/v1.8.23/AI-SSH-Assistant-1.8.23-setup-x64.exe:0
[  637568ms] [ERROR] Access to fetch at 'https://gh.tryxd.cn/https://github.com/aifuqiang02/ai-ssh-assistant/releases/download/v1.8.23/AI-SSH-Assistant-1.8.23-setup-x64.exe' from origin 'null' has been blocked by CORS policy: No 'Access-Control-Allow-Origin' header is present on the requested resource. @ about:blank:0
[  637569ms] [ERROR] Failed to load resource: net::ERR_FAILED @ https://gh.tryxd.cn/https://github.com/aifuqiang02/ai-ssh-assistant/releases/download/v1.8.23/AI-SSH-Assistant-1.8.23-setup-x64.exe:0
[  637583ms] [ERROR] Access to fetch at 'https://github.geekery.cn/https://github.com/aifuqiang02/ai-ssh-assistant/releases/download/v1.8.23/AI-SSH-Assistant-1.8.23-setup-x64.exe' from origin 'null' has been blocked by CORS policy: No 'Access-Control-Allow-Origin' header is present on the requested resource. @ about:blank:0
[  637583ms] [ERROR] Failed to load resource: net::ERR_FAILED @ https://github.geekery.cn/https://github.com/aifuqiang02/ai-ssh-assistant/releases/download/v1.8.23/AI-SSH-Assistant-1.8.23-setup-x64.exe:0
[  637641ms] [ERROR] Access to fetch at 'https://gh.b52m.cn/https://github.com/aifuqiang02/ai-ssh-assistant/releases/download/v1.8.23/AI-SSH-Assistant-1.8.23-setup-x64.exe' from origin 'null' has been blocked by CORS policy: No 'Access-Control-Allow-Origin' header is present on the requested resource. @ about:blank:0
[  637641ms] [ERROR] Failed to load resource: net::ERR_FAILED @ https://gh.b52m.cn/https://github.com/aifuqiang02/ai-ssh-assistant/releases/download/v1.8.23/AI-SSH-Assistant-1.8.23-setup-x64.exe:0
[  637737ms] [ERROR] Access to fetch at 'https://gp.zkitefly.eu.org/https://github.com/aifuqiang02/ai-ssh-assistant/releases/download/v1.8.23/AI-SSH-Assistant-1.8.23-setup-x64.exe' from origin 'null' has been blocked by CORS policy: No 'Access-Control-Allow-Origin' header is present on the requested resource. @ about:blank:0
[  637737ms] [ERROR] Failed to load resource: net::ERR_FAILED @ https://gp.zkitefly.eu.org/https://github.com/aifuqiang02/ai-ssh-assistant/releases/download/v1.8.23/AI-SSH-Assistant-1.8.23-setup-x64.exe:0
[  637747ms] [ERROR] Access to fetch at 'https://github.tbap.top/https://github.com/aifuqiang02/ai-ssh-assistant/releases/download/v1.8.23/AI-SSH-Assistant-1.8.23-setup-x64.exe' from origin 'null' has been blocked by CORS policy: No 'Access-Control-Allow-Origin' header is present on the requested resource. @ about:blank:0
[  637747ms] [ERROR] Failed to load resource: net::ERR_FAILED @ https://github.tbap.top/https://github.com/aifuqiang02/ai-ssh-assistant/releases/download/v1.8.23/AI-SSH-Assistant-1.8.23-setup-x64.exe:0
[  638211ms] [ERROR] Access to fetch at 'https://gh.ddlc.top/https://github.com/aifuqiang02/ai-ssh-assistant/releases/download/v1.8.23/AI-SSH-Assistant-1.8.23-setup-x64.exe' from origin 'null' has been blocked by CORS policy: No 'Access-Control-Allow-Origin' header is present on the requested resource. @ about:blank:0
[  638211ms] [ERROR] Failed to load resource: net::ERR_FAILED @ https://gh.ddlc.top/https://github.com/aifuqiang02/ai-ssh-assistant/releases/download/v1.8.23/AI-SSH-Assistant-1.8.23-setup-x64.exe:0
[  638211ms] [ERROR] Access to fetch at 'https://gh.ruan.dpdns.org/https://github.com/aifuqiang02/ai-ssh-assistant/releases/download/v1.8.23/AI-SSH-Assistant-1.8.23-setup-x64.exe' from origin 'null' has been blocked by CORS policy: No 'Access-Control-Allow-Origin' header is present on the requested resource. @ about:blank:0
[  638211ms] [ERROR] Failed to load resource: net::ERR_FAILED @ https://gh.ruan.dpdns.org/https://github.com/aifuqiang02/ai-ssh-assistant/releases/download/v1.8.23/AI-SSH-Assistant-1.8.23-setup-x64.exe:0
[  638363ms] [ERROR] Access to fetch at 'https://gh-proxy.com/https://github.com/aifuqiang02/ai-ssh-assistant/releases/download/v1.8.23/AI-SSH-Assistant-1.8.23-setup-x64.exe' from origin 'null' has been blocked by CORS policy: No 'Access-Control-Allow-Origin' header is present on the requested resource. @ about:blank:0
[  638363ms] [ERROR] Failed to load resource: net::ERR_FAILED @ https://gh-proxy.com/https://github.com/aifuqiang02/ai-ssh-assistant/releases/download/v1.8.23/AI-SSH-Assistant-1.8.23-setup-x64.exe:0
[  638566ms] [ERROR] Access to fetch at 'https://gh.sixyin.com/https://github.com/aifuqiang02/ai-ssh-assistant/releases/download/v1.8.23/AI-SSH-Assistant-1.8.23-setup-x64.exe' from origin 'null' has been blocked by CORS policy: No 'Access-Control-Allow-Origin' header is present on the requested resource. @ about:blank:0
[  638566ms] [ERROR] Failed to load resource: net::ERR_FAILED @ https://gh.sixyin.com/https://github.com/aifuqiang02/ai-ssh-assistant/releases/download/v1.8.23/AI-SSH-Assistant-1.8.23-setup-x64.exe:0
[  639618ms] [ERROR] Access to fetch at 'https://gh.inkchills.cn/https://github.com/aifuqiang02/ai-ssh-assistant/releases/download/v1.8.23/AI-SSH-Assistant-1.8.23-setup-x64.exe' from origin 'null' has been blocked by CORS policy: No 'Access-Control-Allow-Origin' header is present on the requested resource. @ about:blank:0
[  639618ms] [ERROR] Failed to load resource: net::ERR_FAILED @ https://gh.inkchills.cn/https://github.com/aifuqiang02/ai-ssh-assistant/releases/download/v1.8.23/AI-SSH-Assistant-1.8.23-setup-x64.exe:0
[  639941ms] [ERROR] Access to fetch at 'https://g.blfrp.cn/https://github.com/aifuqiang02/ai-ssh-assistant/releases/download/v1.8.23/AI-SSH-Assistant-1.8.23-setup-x64.exe' from origin 'null' has been blocked by CORS policy: No 'Access-Control-Allow-Origin' header is present on the requested resource. @ about:blank:0
[  639941ms] [ERROR] Failed to load resource: net::ERR_FAILED @ https://g.blfrp.cn/https://github.com/aifuqiang02/ai-ssh-assistant/releases/download/v1.8.23/AI-SSH-Assistant-1.8.23-setup-x64.exe:0
[  640205ms] [ERROR] Access to fetch at 'https://tvv.tw/https://github.com/aifuqiang02/ai-ssh-assistant/releases/download/v1.8.23/AI-SSH-Assistant-1.8.23-setup-x64.exe' from origin 'null' has been blocked by CORS policy: No 'Access-Control-Allow-Origin' header is present on the requested resource. @ about:blank:0
[  640205ms] [ERROR] Failed to load resource: net::ERR_FAILED @ https://tvv.tw/https://github.com/aifuqiang02/ai-ssh-assistant/releases/download/v1.8.23/AI-SSH-Assistant-1.8.23-setup-x64.exe:0
[  640798ms] [ERROR] Access to fetch at 'https://gitproxy.click/https://github.com/aifuqiang02/ai-ssh-assistant/releases/download/v1.8.23/AI-SSH-Assistant-1.8.23-setup-x64.exe' from origin 'null' has been blocked by CORS policy: No 'Access-Control-Allow-Origin' header is present on the requested resource. @ about:blank:0
[  640798ms] [ERROR] Failed to load resource: net::ERR_FAILED @ https://gitproxy.click/https://github.com/aifuqiang02/ai-ssh-assistant/releases/download/v1.8.23/AI-SSH-Assistant-1.8.23-setup-x64.exe:0
[  640954ms] [ERROR] Access to fetch at 'https://gh-proxy.org/https://github.com/aifuqiang02/ai-ssh-assistant/releases/download/v1.8.23/AI-SSH-Assistant-1.8.23-setup-x64.exe' from origin 'null' has been blocked by CORS policy: No 'Access-Control-Allow-Origin' header is present on the requested resource. @ about:blank:0
[  640954ms] [ERROR] Failed to load resource: net::ERR_FAILED @ https://gh-proxy.org/https://github.com/aifuqiang02/ai-ssh-assistant/releases/download/v1.8.23/AI-SSH-Assistant-1.8.23-setup-x64.exe:0
[  641131ms] [ERROR] Access to fetch at 'https://gh.catmak.name/https://github.com/aifuqiang02/ai-ssh-assistant/releases/download/v1.8.23/AI-SSH-Assistant-1.8.23-setup-x64.exe' from origin 'null' has been blocked by CORS policy: No 'Access-Control-Allow-Origin' header is present on the requested resource. @ about:blank:0
[  641131ms] [ERROR] Failed to load resource: net::ERR_FAILED @ https://gh.catmak.name/https://github.com/aifuqiang02/ai-ssh-assistant/releases/download/v1.8.23/AI-SSH-Assistant-1.8.23-setup-x64.exe:0
[  641442ms] [ERROR] Access to fetch at 'https://free.cn.eu.org/https://github.com/aifuqiang02/ai-ssh-assistant/releases/download/v1.8.23/AI-SSH-Assistant-1.8.23-setup-x64.exe' from origin 'null' has been blocked by CORS policy: No 'Access-Control-Allow-Origin' header is present on the requested resource. @ about:blank:0
[  641442ms] [ERROR] Failed to load resource: net::ERR_FAILED @ https://free.cn.eu.org/https://github.com/aifuqiang02/ai-ssh-assistant/releases/download/v1.8.23/AI-SSH-Assistant-1.8.23-setup-x64.exe:0
[  641597ms] [ERROR] Access to fetch at 'https://ghm.078465.xyz/https://github.com/aifuqiang02/ai-ssh-assistant/releases/download/v1.8.23/AI-SSH-Assistant-1.8.23-setup-x64.exe' from origin 'null' has been blocked by CORS policy: No 'Access-Control-Allow-Origin' header is present on the requested resource. @ about:blank:0
[  641597ms] [ERROR] Failed to load resource: net::ERR_FAILED @ https://ghm.078465.xyz/https://github.com/aifuqiang02/ai-ssh-assistant/releases/download/v1.8.23/AI-SSH-Assistant-1.8.23-setup-x64.exe:0
[  641598ms] [ERROR] Access to fetch at 'https://edgeone.gh-proxy.org/https://github.com/aifuqiang02/ai-ssh-assistant/releases/download/v1.8.23/AI-SSH-Assistant-1.8.23-setup-x64.exe' from origin 'null' has been blocked by CORS policy: No 'Access-Control-Allow-Origin' header is present on the requested resource. @ about:blank:0
[  641598ms] [ERROR] Failed to load resource: net::ERR_FAILED @ https://edgeone.gh-proxy.org/https://github.com/aifuqiang02/ai-ssh-assistant/releases/download/v1.8.23/AI-SSH-Assistant-1.8.23-setup-x64.exe:0
[  641740ms] [ERROR] Access to fetch at 'https://githubdog.com/https://github.com/aifuqiang02/ai-ssh-assistant/releases/download/v1.8.23/AI-SSH-Assistant-1.8.23-setup-x64.exe' from origin 'null' has been blocked by CORS policy: No 'Access-Control-Allow-Origin' header is present on the requested resource. @ about:blank:0
[  641740ms] [ERROR] Failed to load resource: net::ERR_FAILED @ https://githubdog.com/https://github.com/aifuqiang02/ai-ssh-assistant/releases/download/v1.8.23/AI-SSH-Assistant-1.8.23-setup-x64.exe:0
[  642593ms] [ERROR] Access to fetch at 'https://github.tmby.shop/https://github.com/aifuqiang02/ai-ssh-assistant/releases/download/v1.8.23/AI-SSH-Assistant-1.8.23-setup-x64.exe' from origin 'null' has been blocked by CORS policy: No 'Access-Control-Allow-Origin' header is present on the requested resource. @ about:blank:0
[  642593ms] [ERROR] Failed to load resource: net::ERR_FAILED @ https://github.tmby.shop/https://github.com/aifuqiang02/ai-ssh-assistant/releases/download/v1.8.23/AI-SSH-Assistant-1.8.23-setup-x64.exe:0
[  642601ms] [ERROR] Access to fetch at 'https://ghpxy.hwinzniej.top/https://github.com/aifuqiang02/ai-ssh-assistant/releases/download/v1.8.23/AI-SSH-Assistant-1.8.23-setup-x64.exe' from origin 'null' has been blocked by CORS policy: No 'Access-Control-Allow-Origin' header is present on the requested resource. @ about:blank:0
[  642601ms] [ERROR] Failed to load resource: net::ERR_FAILED @ https://ghpxy.hwinzniej.top/https://github.com/aifuqiang02/ai-ssh-assistant/releases/download/v1.8.23/AI-SSH-Assistant-1.8.23-setup-x64.exe:0
[  642611ms] [ERROR] Access to fetch at 'https://ghproxy.cxkpro.top/https://github.com/aifuqiang02/ai-ssh-assistant/releases/download/v1.8.23/AI-SSH-Assistant-1.8.23-setup-x64.exe' from origin 'null' has been blocked by CORS policy: No 'Access-Control-Allow-Origin' header is present on the requested resource. @ about:blank:0
[  642611ms] [ERROR] Failed to load resource: net::ERR_FAILED @ https://ghproxy.cxkpro.top/https://github.com/aifuqiang02/ai-ssh-assistant/releases/download/v1.8.23/AI-SSH-Assistant-1.8.23-setup-x64.exe:0
[  642771ms] [ERROR] Access to fetch at 'https://gh-proxy.net/https://github.com/aifuqiang02/ai-ssh-assistant/releases/download/v1.8.23/AI-SSH-Assistant-1.8.23-setup-x64.exe' from origin 'null' has been blocked by CORS policy: No 'Access-Control-Allow-Origin' header is present on the requested resource. @ about:blank:0
[  642772ms] [ERROR] Failed to load resource: net::ERR_FAILED @ https://gh-proxy.net/https://github.com/aifuqiang02/ai-ssh-assistant/releases/download/v1.8.23/AI-SSH-Assistant-1.8.23-setup-x64.exe:0
[  643151ms] [ERROR] Access to fetch at 'https://v6.gh-proxy.org/https://github.com/aifuqiang02/ai-ssh-assistant/releases/download/v1.8.23/AI-SSH-Assistant-1.8.23-setup-x64.exe' from origin 'null' has been blocked by CORS policy: No 'Access-Control-Allow-Origin' header is present on the requested resource. @ about:blank:0
[  643151ms] [ERROR] Failed to load resource: net::ERR_FAILED @ https://v6.gh-proxy.org/https://github.com/aifuqiang02/ai-ssh-assistant/releases/download/v1.8.23/AI-SSH-Assistant-1.8.23-setup-x64.exe:0
[  643627ms] [ERROR] Access to fetch at 'https://cdn.gh-proxy.com/https://github.com/aifuqiang02/ai-ssh-assistant/releases/download/v1.8.23/AI-SSH-Assistant-1.8.23-setup-x64.exe' from origin 'null' has been blocked by CORS policy: No 'Access-Control-Allow-Origin' header is present on the requested resource. @ about:blank:0
[  643628ms] [ERROR] Failed to load resource: net::ERR_FAILED @ https://cdn.gh-proxy.com/https://github.com/aifuqiang02/ai-ssh-assistant/releases/download/v1.8.23/AI-SSH-Assistant-1.8.23-setup-x64.exe:0
[  644013ms] [ERROR] Access to fetch at 'https://v4.gh-proxy.org/https://github.com/aifuqiang02/ai-ssh-assistant/releases/download/v1.8.23/AI-SSH-Assistant-1.8.23-setup-x64.exe' from origin 'null' has been blocked by CORS policy: No 'Access-Control-Allow-Origin' header is present on the requested resource. @ about:blank:0
[  644014ms] [ERROR] Failed to load resource: net::ERR_FAILED @ https://v4.gh-proxy.org/https://github.com/aifuqiang02/ai-ssh-assistant/releases/download/v1.8.23/AI-SSH-Assistant-1.8.23-setup-x64.exe:0
[  644250ms] [ERROR] Failed to load resource: net::ERR_CONNECTION_RESET @ https://github.starrlzy.cn/https://github.com/aifuqiang02/ai-ssh-assistant/releases/download/v1.8.23/AI-SSH-Assistant-1.8.23-setup-x64.exe:0
[  644511ms] [ERROR] Access to fetch at 'https://ghp.arslantu.xyz/https://github.com/aifuqiang02/ai-ssh-assistant/releases/download/v1.8.23/AI-SSH-Assistant-1.8.23-setup-x64.exe' from origin 'null' has been blocked by CORS policy: No 'Access-Control-Allow-Origin' header is present on the requested resource. @ about:blank:0
[  644511ms] [ERROR] Failed to load resource: net::ERR_FAILED @ https://ghp.arslantu.xyz/https://github.com/aifuqiang02/ai-ssh-assistant/releases/download/v1.8.23/AI-SSH-Assistant-1.8.23-setup-x64.exe:0
[  644561ms] [ERROR] Access to fetch at 'https://hk.gh-proxy.org/https://github.com/aifuqiang02/ai-ssh-assistant/releases/download/v1.8.23/AI-SSH-Assistant-1.8.23-setup-x64.exe' from origin 'null' has been blocked by CORS policy: No 'Access-Control-Allow-Origin' header is present on the requested resource. @ about:blank:0
[  644561ms] [ERROR] Failed to load resource: net::ERR_FAILED @ https://hk.gh-proxy.org/https://github.com/aifuqiang02/ai-ssh-assistant/releases/download/v1.8.23/AI-SSH-Assistant-1.8.23-setup-x64.exe:0
[  644639ms] [ERROR] Failed to load resource: net::ERR_CERT_DATE_INVALID @ https://proxy.yaoyaoling.net/https://github.com/aifuqiang02/ai-ssh-assistant/releases/download/v1.8.23/AI-SSH-Assistant-1.8.23-setup-x64.exe:0
[  644979ms] [ERROR] Access to fetch at 'https://github.ednovas.xyz/https://github.com/aifuqiang02/ai-ssh-assistant/releases/download/v1.8.23/AI-SSH-Assistant-1.8.23-setup-x64.exe' from origin 'null' has been blocked by CORS policy: No 'Access-Control-Allow-Origin' header is present on the requested resource. @ about:blank:0
[  644979ms] [ERROR] Failed to load resource: net::ERR_FAILED @ https://github.ednovas.xyz/https://github.com/aifuqiang02/ai-ssh-assistant/releases/download/v1.8.23/AI-SSH-Assistant-1.8.23-setup-x64.exe:0
[  647291ms] [ERROR] Failed to load resource: net::ERR_HTTP2_PING_FAILED @ https://fastgit.cc/https://github.com/aifuqiang02/ai-ssh-assistant/releases/download/v1.8.23/AI-SSH-Assistant-1.8.23-setup-x64.exe:0
[  654095ms] [ERROR] Failed to load resource: net::ERR_HTTP2_PING_FAILED @ https://git.yylx.win/https://github.com/aifuqiang02/ai-ssh-assistant/releases/download/v1.8.23/AI-SSH-Assistant-1.8.23-setup-x64.exe:0
[  714493ms] [ERROR] Failed to load resource: net::ERR_CONNECTION_CLOSED @ https://ghproxy.monkeyray.net/https://github.com/aifuqiang02/ai-ssh-assistant/releases/download/v1.8.23/AI-SSH-Assistant-1.8.23-setup-x64.exe:0
