[   43859ms] [INFO] %cDownload the React DevTools for a better development experience: https://react.dev/link/react-devtools font-weight:bold @ http://localhost:51234/node_modules/.vite/deps/chunk-HEOX6PIW.js?v=c5ee1772:20102
[   44096ms] [ERROR] Warning: [antd: Button.Group] `Button.Group` is deprecated. Please use `Space.Compact` instead. @ http://localhost:51234/node_modules/.vite/deps/antd.js?v=c5ee1772:2164
[   44354ms] [ERROR] TypeError: Cannot read properties of undefined (reading 'bindings')
    at load (http://localhost:51234/src/pages/DownloadPage.tsx:35:31)
    at http://localhost:51234/src/pages/DownloadPage.tsx:42:5
    at Object.react_stack_bottom_frame (http://localhost:51234/node_modules/.vite/deps/chunk-HEOX6PIW.js?v=c5ee1772:18567:20)
    at runWithFiberInDEV (http://localhost:51234/node_modules/.vite/deps/chunk-HEOX6PIW.js?v=c5ee1772:997:72)
    at commitHookEffectListMount (http://localhost:51234/node_modules/.vite/deps/chunk-HEOX6PIW.js?v=c5ee1772:9411:163)
    at commitHookPassiveMountEffects (http://localhost:51234/node_modules/.vite/deps/chunk-HEOX6PIW.js?v=c5ee1772:9465:60)
    at commitPassiveMountOnFiber (http://localhost:51234/node_modules/.vite/deps/chunk-HEOX6PIW.js?v=c5ee1772:11040:29)
    at recursivelyTraversePassiveMountEffects (http://localhost:51234/node_modules/.vite/deps/chunk-HEOX6PIW.js?v=c5ee1772:11010:13)
    at commitPassiveMountOnFiber (http://localhost:51234/node_modules/.vite/deps/chunk-HEOX6PIW.js?v=c5ee1772:11201:13)
    at recursivelyTraversePassiveMountEffects (http://localhost:51234/node_modules/.vite/deps/chunk-HEOX6PIW.js?v=c5ee1772:11010:13) @ http://localhost:51234/src/pages/DownloadPage.tsx:38
[   44355ms] [ERROR] TypeError: Cannot read properties of undefined (reading 'bindings')
    at loadProxies (http://localhost:51234/src/App.tsx:20:39)
    at http://localhost:51234/src/App.tsx:35:5
    at Object.react_stack_bottom_frame (http://localhost:51234/node_modules/.vite/deps/chunk-HEOX6PIW.js?v=c5ee1772:18567:20)
    at runWithFiberInDEV (http://localhost:51234/node_modules/.vite/deps/chunk-HEOX6PIW.js?v=c5ee1772:997:72)
    at commitHookEffectListMount (http://localhost:51234/node_modules/.vite/deps/chunk-HEOX6PIW.js?v=c5ee1772:9411:163)
    at commitHookPassiveMountEffects (http://localhost:51234/node_modules/.vite/deps/chunk-HEOX6PIW.js?v=c5ee1772:9465:60)
    at commitPassiveMountOnFiber (http://localhost:51234/node_modules/.vite/deps/chunk-HEOX6PIW.js?v=c5ee1772:11040:29)
    at recursivelyTraversePassiveMountEffects (http://localhost:51234/node_modules/.vite/deps/chunk-HEOX6PIW.js?v=c5ee1772:11010:13)
    at commitPassiveMountOnFiber (http://localhost:51234/node_modules/.vite/deps/chunk-HEOX6PIW.js?v=c5ee1772:11201:13)
    at recursivelyTraversePassiveMountEffects (http://localhost:51234/node_modules/.vite/deps/chunk-HEOX6PIW.js?v=c5ee1772:11010:13) @ http://localhost:51234/src/App.tsx:22
[   44355ms] [ERROR] TypeError: Cannot read properties of undefined (reading 'bindings')
    at loadRecords (http://localhost:51234/src/App.tsx:28:39)
    at http://localhost:51234/src/App.tsx:36:5
    at Object.react_stack_bottom_frame (http://localhost:51234/node_modules/.vite/deps/chunk-HEOX6PIW.js?v=c5ee1772:18567:20)
    at runWithFiberInDEV (http://localhost:51234/node_modules/.vite/deps/chunk-HEOX6PIW.js?v=c5ee1772:997:72)
    at commitHookEffectListMount (http://localhost:51234/node_modules/.vite/deps/chunk-HEOX6PIW.js?v=c5ee1772:9411:163)
    at commitHookPassiveMountEffects (http://localhost:51234/node_modules/.vite/deps/chunk-HEOX6PIW.js?v=c5ee1772:9465:60)
    at commitPassiveMountOnFiber (http://localhost:51234/node_modules/.vite/deps/chunk-HEOX6PIW.js?v=c5ee1772:11040:29)
    at recursivelyTraversePassiveMountEffects (http://localhost:51234/node_modules/.vite/deps/chunk-HEOX6PIW.js?v=c5ee1772:11010:13)
    at commitPassiveMountOnFiber (http://localhost:51234/node_modules/.vite/deps/chunk-HEOX6PIW.js?v=c5ee1772:11201:13)
    at recursivelyTraversePassiveMountEffects (http://localhost:51234/node_modules/.vite/deps/chunk-HEOX6PIW.js?v=c5ee1772:11010:13) @ http://localhost:51234/src/App.tsx:30
[   44362ms] [ERROR] TypeError: Cannot read properties of undefined (reading 'bindings')
    at load (http://localhost:51234/src/pages/DownloadPage.tsx:35:31)
    at http://localhost:51234/src/pages/DownloadPage.tsx:42:5
    at Object.react_stack_bottom_frame (http://localhost:51234/node_modules/.vite/deps/chunk-HEOX6PIW.js?v=c5ee1772:18567:20)
    at runWithFiberInDEV (http://localhost:51234/node_modules/.vite/deps/chunk-HEOX6PIW.js?v=c5ee1772:997:72)
    at commitHookEffectListMount (http://localhost:51234/node_modules/.vite/deps/chunk-HEOX6PIW.js?v=c5ee1772:9411:163)
    at commitHookPassiveMountEffects (http://localhost:51234/node_modules/.vite/deps/chunk-HEOX6PIW.js?v=c5ee1772:9465:60)
    at reconnectPassiveEffects (http://localhost:51234/node_modules/.vite/deps/chunk-HEOX6PIW.js?v=c5ee1772:11273:13)
    at recursivelyTraverseReconnectPassiveEffects (http://localhost:51234/node_modules/.vite/deps/chunk-HEOX6PIW.js?v=c5ee1772:11240:11)
    at reconnectPassiveEffects (http://localhost:51234/node_modules/.vite/deps/chunk-HEOX6PIW.js?v=c5ee1772:11317:13)
    at recursivelyTraverseReconnectPassiveEffects (http://localhost:51234/node_modules/.vite/deps/chunk-HEOX6PIW.js?v=c5ee1772:11240:11) @ http://localhost:51234/src/pages/DownloadPage.tsx:38
[   44363ms] [ERROR] TypeError: Cannot read properties of undefined (reading 'bindings')
    at loadProxies (http://localhost:51234/src/App.tsx:20:39)
    at http://localhost:51234/src/App.tsx:35:5
    at Object.react_stack_bottom_frame (http://localhost:51234/node_modules/.vite/deps/chunk-HEOX6PIW.js?v=c5ee1772:18567:20)
    at runWithFiberInDEV (http://localhost:51234/node_modules/.vite/deps/chunk-HEOX6PIW.js?v=c5ee1772:997:72)
    at commitHookEffectListMount (http://localhost:51234/node_modules/.vite/deps/chunk-HEOX6PIW.js?v=c5ee1772:9411:163)
    at commitHookPassiveMountEffects (http://localhost:51234/node_modules/.vite/deps/chunk-HEOX6PIW.js?v=c5ee1772:9465:60)
    at reconnectPassiveEffects (http://localhost:51234/node_modules/.vite/deps/chunk-HEOX6PIW.js?v=c5ee1772:11273:13)
    at recursivelyTraverseReconnectPassiveEffects (http://localhost:51234/node_modules/.vite/deps/chunk-HEOX6PIW.js?v=c5ee1772:11240:11)
    at reconnectPassiveEffects (http://localhost:51234/node_modules/.vite/deps/chunk-HEOX6PIW.js?v=c5ee1772:11317:13)
    at doubleInvokeEffectsOnFiber (http://localhost:51234/node_modules/.vite/deps/chunk-HEOX6PIW.js?v=c5ee1772:13339:135) @ http://localhost:51234/src/App.tsx:22
[   44363ms] [ERROR] TypeError: Cannot read properties of undefined (reading 'bindings')
    at loadRecords (http://localhost:51234/src/App.tsx:28:39)
    at http://localhost:51234/src/App.tsx:36:5
    at Object.react_stack_bottom_frame (http://localhost:51234/node_modules/.vite/deps/chunk-HEOX6PIW.js?v=c5ee1772:18567:20)
    at runWithFiberInDEV (http://localhost:51234/node_modules/.vite/deps/chunk-HEOX6PIW.js?v=c5ee1772:997:72)
    at commitHookEffectListMount (http://localhost:51234/node_modules/.vite/deps/chunk-HEOX6PIW.js?v=c5ee1772:9411:163)
    at commitHookPassiveMountEffects (http://localhost:51234/node_modules/.vite/deps/chunk-HEOX6PIW.js?v=c5ee1772:9465:60)
    at reconnectPassiveEffects (http://localhost:51234/node_modules/.vite/deps/chunk-HEOX6PIW.js?v=c5ee1772:11273:13)
    at recursivelyTraverseReconnectPassiveEffects (http://localhost:51234/node_modules/.vite/deps/chunk-HEOX6PIW.js?v=c5ee1772:11240:11)
    at reconnectPassiveEffects (http://localhost:51234/node_modules/.vite/deps/chunk-HEOX6PIW.js?v=c5ee1772:11317:13)
    at doubleInvokeEffectsOnFiber (http://localhost:51234/node_modules/.vite/deps/chunk-HEOX6PIW.js?v=c5ee1772:13339:135) @ http://localhost:51234/src/App.tsx:30
[   44401ms] [ERROR] Failed to load resource: the server responded with a status of 404 (Not Found) @ http://localhost:51234/favicon.ico:0
