[    1028ms] [ERROR] Failed to load resource: net::ERR_CONNECTION_RESET @ https://apikey.map.qq.com/mkey/index.php/mkey/check?key=OB4BZ-D4W3U-B7VVO-4PJWW-6TKDJ-WPB77&pid=gh.tryxd.cn&channel=0&output=jsonp&pf=jsapi&ref=jsapi&cb=TMap._svcb.cbms0ih5qp0:0
[    1338ms] [ERROR] 鉴权失败：网络请求失败。 @ https://map.qq.com/api/gljs?v=2.exp&key=OB4BZ-D4W3U-B7VVO-4PJWW-6TKDJ-WPB77:68
[    2347ms] [ERROR] Failed to load resource: net::ERR_CONNECTION_RESET @ https://apikey.map.qq.com/mkey/index.php/mkey/check?key=OB4BZ-D4W3U-B7VVO-4PJWW-6TKDJ-WPB77&pid=gh.tryxd.cn&channel=0&output=jsonp&pf=jsapi&ref=jsapi&cb=TMap._svcb.cbms0ih6tl3:0
[    2347ms] [ERROR] 鉴权失败：网络请求失败。 @ https://map.qq.com/api/gljs?v=2.exp&key=OB4BZ-D4W3U-B7VVO-4PJWW-6TKDJ-WPB77:68
[    7353ms] [ERROR] Failed to load resource: net::ERR_CONNECTION_RESET @ https://apikey.map.qq.com/mkey/index.php/mkey/check?key=OB4BZ-D4W3U-B7VVO-4PJWW-6TKDJ-WPB77&pid=gh.tryxd.cn&channel=0&output=jsonp&pf=jsapi&ref=jsapi&cb=TMap._svcb.cbms0ihaoo4:0
[    7353ms] [ERROR] 鉴权失败：网络请求失败。 @ https://map.qq.com/api/gljs?v=2.exp&key=OB4BZ-D4W3U-B7VVO-4PJWW-6TKDJ-WPB77:68
[   17361ms] [ERROR] Failed to load resource: net::ERR_CONNECTION_RESET @ https://apikey.map.qq.com/mkey/index.php/mkey/check?key=OB4BZ-D4W3U-B7VVO-4PJWW-6TKDJ-WPB77&pid=gh.tryxd.cn&channel=0&output=jsonp&pf=jsapi&ref=jsapi&cb=TMap._svcb.cbms0ihieo5:0
[   17361ms] [ERROR] 鉴权失败：网络请求失败。 @ https://map.qq.com/api/gljs?v=2.exp&key=OB4BZ-D4W3U-B7VVO-4PJWW-6TKDJ-WPB77:68
[   47369ms] [ERROR] Failed to load resource: net::ERR_CONNECTION_RESET @ https://apikey.map.qq.com/mkey/index.php/mkey/check?key=OB4BZ-D4W3U-B7VVO-4PJWW-6TKDJ-WPB77&pid=gh.tryxd.cn&channel=0&output=jsonp&pf=jsapi&ref=jsapi&cb=TMap._svcb.cbms0ii5k76:0
[   47369ms] [ERROR] 鉴权失败：网络请求失败。 @ https://map.qq.com/api/gljs?v=2.exp&key=OB4BZ-D4W3U-B7VVO-4PJWW-6TKDJ-WPB77:68
[   47370ms] null
[   47370ms] Uncaught (in promise) null
    at n (https://map.qq.com/api/gljs?v=2.exp&key=OB4BZ-D4W3U-B7VVO-4PJWW-6TKDJ-WPB77:68:1329832)
    at h (https://map.qq.com/api/gljs?v=2.exp&key=OB4BZ-D4W3U-B7VVO-4PJWW-6TKDJ-WPB77:68:1330036)
[   47370ms] null
[   56819ms] [ERROR] Failed to load resource: net::ERR_CONNECTION_RESET @ https://scripts.clarity.ms/0.8.54/clarity.js:0
[   70123ms] [LOG] =========formatViewAfterLoad 2================= @ https://searchresultsworld.com/sr/754870121/SAFEFRAME.html?ule=994&%21%21a_=%7B%22%21%21gg%22%3A%22.B%22%2C%22%21%21gso%22%3A%22sEvYovnpApn+z+ZSaM3AE%22%2C%22%21%21SY%22%3A%22%22%2C%22%21%21%21g%22%3A%22zz%22%2C%22%21%21RSY%22%3A%22%22%7D&%21SRv=zzcf5KkJ&%21g=zz&%21r_%28L_=&%28vm%29%28a=dssY%21%3A%2F%2FAd3Y%28n5oGpvs&%29%21Yvp7=Q&%29A_=K&1rS_=&4%21YE=Q&6%21dY=Q&6a%21sY=Q&7%21=&A_Y%28=Q&A_Y%28gp%21s=&EY0%29=&E_P=&E_n4ESp=&E_s%2A=&E_sz=&Egs=8jLu%2FRjxmj%2F%28uO%28OERRO%29mfm%297fEAuEfjEf&Er7a6S_=P%2A&PS=zqkfJJ%2AcJkfqfzJuKQQ&S%21S_=Q&Spsga=ky21-qc2t%3A~khtOq%7C3vk2%3A7JUGS%29G%29SCG%29bF&YS_=k8~Xi-TBu&_4%287=z&_4sYS_=JJQQKf%2AqK&_vg444=&a%2AsoYv=_4naE&dssY%21=z&e6%287=&e_=&g%28S_=uf%2AqQffkk&gS_=k0iqwkjuk&g_P=~ufuc&gdp4%2A=n%21PfISpsg&gdp4u=z8~kwuTq~&gg=.B&gsYS_=&htmlsrc=1&kkdd=%2AH%7Cu%7C%2AHAn39&nS_=JqvvQJu73_zQ_3fzEc3kKvc3uKE_c7E%2AJJc_&naE7=npv&oYaY=&o_%21Y%28=&orpIggIv5Y=&p4v%28%28=z&psP=&rEv=&rS_=fc%2Azff&rS_P%2A=fc%2Azff&r_%28L_=&rv=Q&s%21gv=hzuQz&tpid=&vg%28S_=&eobd=&eoac=RvYbkNvbY&ure=1:196
[   80461ms] [ERROR] Failed to load resource: the server responded with a status of 403 () @ https://ghm.078465.xyz/https://github.com/aifuqiang02/ai-ssh-assistant/releases/download/v1.8.23/AI-SSH-Assistant-1.8.23-setup-x64.exe:0
[  112501ms] [ERROR] Failed to load resource: the server responded with a status of 521 () @ https://gitproxy.127731.xyz/https://github.com/aifuqiang02/ai-ssh-assistant/releases/download/v1.8.23/AI-SSH-Assistant-1.8.23-setup-x64.exe:0
[  119856ms] [ERROR] Failed to load resource: the server responded with a status of 521 () @ https://gitproxy.127731.xyz/favicon.ico:0
[  121110ms] [ERROR] Failed to load resource: the server responded with a status of 403 () @ https://gh.catmak.name/https://github.com/aifuqiang02/ai-ssh-assistant/releases/download/v1.8.23/AI-SSH-Assistant-1.8.23-setup-x64.exe:0
[  140001ms] [ERROR] Failed to load resource: the server responded with a status of 403 () @ https://gh.catmak.name/favicon.ico:0
[  142365ms] [ERROR] Failed to load resource: the server responded with a status of 403 () @ https://gh.catmak.name/favicon.ico:0
[  143277ms] [WARNING] Failed to execute 'postMessage' on 'DOMWindow': The target origin provided ('https://challenges.cloudflare.com') does not match the recipient window's origin ('https://gh.catmak.name'). @ https://challenges.cloudflare.com/turnstile/v0/g/b0da9f4911ba/api.js?onload=DglVu6&render=explicit:0
[  144174ms] [WARNING] Failed to execute 'postMessage' on 'DOMWindow': The target origin provided ('https://challenges.cloudflare.com') does not match the recipient window's origin ('https://gh.catmak.name'). @ https://challenges.cloudflare.com/turnstile/v0/g/b0da9f4911ba/api.js?onload=DglVu6&render=explicit:0
[  145071ms] [WARNING] Failed to execute 'postMessage' on 'DOMWindow': The target origin provided ('https://challenges.cloudflare.com') does not match the recipient window's origin ('https://gh.catmak.name'). @ https://challenges.cloudflare.com/turnstile/v0/g/b0da9f4911ba/api.js?onload=DglVu6&render=explicit:0
[  145972ms] [WARNING] Failed to execute 'postMessage' on 'DOMWindow': The target origin provided ('https://challenges.cloudflare.com') does not match the recipient window's origin ('https://gh.catmak.name'). @ https://challenges.cloudflare.com/turnstile/v0/g/b0da9f4911ba/api.js?onload=DglVu6&render=explicit:0
[  146871ms] [WARNING] Failed to execute 'postMessage' on 'DOMWindow': The target origin provided ('https://challenges.cloudflare.com') does not match the recipient window's origin ('https://gh.catmak.name'). @ https://challenges.cloudflare.com/turnstile/v0/g/b0da9f4911ba/api.js?onload=DglVu6&render=explicit:0
[  149139ms] [ERROR] Failed to load resource: the server responded with a status of 530 () @ https://gh.jjj.gv.uy/https://github.com/aifuqiang02/ai-ssh-assistant/releases/download/v1.8.23/AI-SSH-Assistant-1.8.23-setup-x64.exe:0
[  161231ms] [LOG] skipped test (bad browser) @ https://performance.radar.cloudflare.com/beacon.js:0
[  161608ms] [ERROR] Failed to load resource: the server responded with a status of 530 () @ https://gh.jjj.gv.uy/favicon.ico:0
[  183934ms] [ERROR] Failed to load resource: the server responded with a status of 403 () @ https://gh.meali.top/https://github.com/aifuqiang02/ai-ssh-assistant/releases/download/v1.8.23/AI-SSH-Assistant-1.8.23-setup-x64.exe:0
[  229363ms] [ERROR] Failed to load resource: the server responded with a status of 404 () @ https://github.com/https:/github.com/aifuqiang02/ai-ssh-assistant/releases/download/v1.8.23/AI-SSH-Assistant-1.8.23-setup-x64.exe:0
[  331468ms] [ERROR] Failed to load resource: the server responded with a status of 403 (Forbidden) @ https://ghpr.cc/https://github.com/aifuqiang02/ai-ssh-assistant/releases/download/v1.8.23/AI-SSH-Assistant-1.8.23-setup-x64.exe:0
[  332402ms] [ERROR] Failed to load resource: net::ERR_CONNECTION_RESET @ https://apikey.map.qq.com/mkey/index.php/mkey/check?key=OB4BZ-D4W3U-B7VVO-4PJWW-6TKDJ-WPB77&pid=gh.tryxd.cn&channel=0&output=jsonp&pf=jsapi&ref=jsapi&cb=TMap._svcb.cbms0io9et0:0
[  332417ms] [ERROR] 鉴权失败：网络请求失败。 @ https://map.qq.com/api/gljs?v=2.exp&key=OB4BZ-D4W3U-B7VVO-4PJWW-6TKDJ-WPB77:68
[  333436ms] [ERROR] Failed to load resource: net::ERR_CONNECTION_RESET @ https://apikey.map.qq.com/mkey/index.php/mkey/check?key=OB4BZ-D4W3U-B7VVO-4PJWW-6TKDJ-WPB77&pid=gh.tryxd.cn&channel=0&output=jsonp&pf=jsapi&ref=jsapi&cb=TMap._svcb.cbms0ioaaj3:0
[  333436ms] [ERROR] 鉴权失败：网络请求失败。 @ https://map.qq.com/api/gljs?v=2.exp&key=OB4BZ-D4W3U-B7VVO-4PJWW-6TKDJ-WPB77:68
[  357674ms] [ERROR] Failed to load resource: the server responded with a status of 429 () @ https://gh.ddlc.top/https://github.com/aifuqiang02/ai-ssh-assistant/releases/download/v1.8.23/AI-SSH-Assistant-1.8.23-setup-x64.exe:0
[  374056ms] [ERROR] Failed to load resource: the server responded with a status of 429 () @ https://gh.ddlc.top/favicon.ico:0
[  394099ms] [ERROR] Failed to load resource: the server responded with a status of 403 () @ https://ghpxy.hwinzniej.top/https://github.com/aifuqiang02/ai-ssh-assistant/releases/download/v1.8.23/AI-SSH-Assistant-1.8.23-setup-x64.exe:0
[  397599ms] [ERROR] Failed to load resource: the server responded with a status of 502 () @ https://git.669966.xyz/https://github.com/aifuqiang02/ai-ssh-assistant/releases/download/v1.8.23/AI-SSH-Assistant-1.8.23-setup-x64.exe:0
[  403887ms] [ERROR] Failed to load resource: the server responded with a status of 502 () @ https://git.669966.xyz/favicon.ico:0
[  421284ms] [ERROR] Failed to load resource: the server responded with a status of 403 () @ https://gp.zkitefly.eu.org/https://github.com/aifuqiang02/ai-ssh-assistant/releases/download/v1.8.23/AI-SSH-Assistant-1.8.23-setup-x64.exe:0
[  442564ms] [ERROR] Failed to load resource: the server responded with a status of 525 () @ https://ghp.arslantu.xyz/https://github.com/aifuqiang02/ai-ssh-assistant/releases/download/v1.8.23/AI-SSH-Assistant-1.8.23-setup-x64.exe:0
[  448647ms] [ERROR] Failed to load resource: the server responded with a status of 525 () @ https://ghp.arslantu.xyz/favicon.ico:0
[  460436ms] [ERROR] Failed to load resource: the server responded with a status of 403 () @ https://ghproxy.cxkpro.top/https://github.com/aifuqiang02/ai-ssh-assistant/releases/download/v1.8.23/AI-SSH-Assistant-1.8.23-setup-x64.exe:0
[  481289ms] [ERROR] Failed to load resource: the server responded with a status of 429 () @ https://gh.idayer.com/https://github.com/aifuqiang02/ai-ssh-assistant/releases/download/v1.8.23/AI-SSH-Assistant-1.8.23-setup-x64.exe:0
[  491878ms] [ERROR] Failed to load resource: the server responded with a status of 429 () @ https://gh.idayer.com/favicon.ico:0
[  502968ms] [ERROR] Failed to load resource: the server responded with a status of 403 () @ https://gh.chjina.com/https://github.com/aifuqiang02/ai-ssh-assistant/releases/download/v1.8.23/AI-SSH-Assistant-1.8.23-setup-x64.exe:0
[  507583ms] [ERROR] Failed to load resource: the server responded with a status of 403 () @ https://ghp.keleyaa.com/https://github.com/aifuqiang02/ai-ssh-assistant/releases/download/v1.8.23/AI-SSH-Assistant-1.8.23-setup-x64.exe:0
